[INFO] Scanning for projects...
[INFO] 
[INFO] --------< 9d86053c-c394-4e52-b33c-029e02b59822:github-actions >---------
[INFO] Building github-actions 2.0.5
[INFO]   from pom.xml
[INFO] --------------------------[ mule-application ]--------------------------
[INFO] 
[INFO] --- clean:3.2.0:clean (default-clean-1) @ github-actions ---
[INFO] Deleting C:\Users\leonel.d.porto\Desktop\Workspace-crefisa\github-actions\target
[INFO] 
[INFO] --- mule:4.3.0:clean (default-clean) @ github-actions ---
[INFO] 
[INFO] --- clean:3.2.0:clean (default-clean) @ github-actions ---
[INFO] 
[INFO] --- mule:4.3.0:validate (default-validate) @ github-actions ---
[INFO] 
[INFO] --- mule:4.3.0:initialize (default-initialize) @ github-actions ---
[INFO] 
[INFO] --- mule:4.3.0:generate-sources (default-generate-sources) @ github-actions ---
[INFO] 
[INFO] --- mule:4.3.0:process-sources (default-process-sources) @ github-actions ---
[INFO] About to fetch required dependencies for artifact: 9d86053c-c394-4e52-b33c-029e02b59822:github-actions:pom:2.0.5. This may take a while...
[INFO] 
[INFO] --- resources:3.3.1:resources (default-resources) @ github-actions ---
[INFO] Copying 2 resources from src\main\resources to target\classes
[INFO] 
[INFO] --- mule:4.3.0:process-resources (default-process-resources) @ github-actions ---
[INFO] 
[INFO] --- compiler:3.11.0:compile (default-compile) @ github-actions ---
[INFO] Nothing to compile - all classes are up to date
[INFO] 
[INFO] --- mule:4.3.0:compile (default-compile) @ github-actions ---
[INFO] 
[INFO] --- mule:4.3.0:process-classes (default-process-classes) @ github-actions ---
[INFO] About to fetch required dependencies for artifact: 4592e740-7426-11f0-b288-fc5cee6fe438:4592e740-7426-11f0-b288-fc5cee6fe438:pom:4.7.2. This may take a while...
[WARNING] Internal plugin library 'org.mule.runtime:mule-api' is a Mule Runtime dependency. It will not be used by 'munit-runner-3.2.1-mule-plugin.jar' in order to avoid classloading issues. Please consider removing it, or at least not putting it with 'compile' scope.
[WARNING] Internal plugin library 'org.mule.runtime:mule-metadata-model-api' is a Mule Runtime dependency. It will not be used by 'munit-runner-3.2.1-mule-plugin.jar' in order to avoid classloading issues. Please consider removing it, or at least not putting it with 'compile' scope.
[WARNING] Internal plugin library 'org.mule.runtime:mule-message-metadata-model' is a Mule Runtime dependency. It will not be used by 'munit-runner-3.2.1-mule-plugin.jar' in order to avoid classloading issues. Please consider removing it, or at least not putting it with 'compile' scope.
[WARNING] Internal plugin library 'org.mule.runtime:mule-artifact-declaration' is a Mule Runtime dependency. It will not be used by 'munit-runner-3.2.1-mule-plugin.jar' in order to avoid classloading issues. Please consider removing it, or at least not putting it with 'compile' scope.
[WARNING] Internal plugin library 'org.mule.runtime:mule-artifact-declaration-persistence' is a Mule Runtime dependency. It will not be used by 'munit-runner-3.2.1-mule-plugin.jar' in order to avoid classloading issues. Please consider removing it, or at least not putting it with 'compile' scope.
[WARNING] Internal plugin library 'org.mule.runtime:api-annotations' is a Mule Runtime dependency. It will not be used by 'munit-runner-3.2.1-mule-plugin.jar' in order to avoid classloading issues. Please consider removing it, or at least not putting it with 'compile' scope.
[WARNING] Internal plugin library 'org.mule.runtime:mule-embedded-api' is a Mule Runtime dependency. It will not be used by 'munit-runner-3.2.1-mule-plugin.jar' in order to avoid classloading issues. Please consider removing it, or at least not putting it with 'compile' scope.
[WARNING] Internal plugin library 'org.mule.runtime:mule-api' is a Mule Runtime dependency. It will not be used by 'munit-tools-3.2.1-mule-plugin.jar' in order to avoid classloading issues. Please consider removing it, or at least not putting it with 'compile' scope.
[WARNING] Internal plugin library 'org.mule.runtime:mule-metadata-model-api' is a Mule Runtime dependency. It will not be used by 'munit-tools-3.2.1-mule-plugin.jar' in order to avoid classloading issues. Please consider removing it, or at least not putting it with 'compile' scope.
[WARNING] Internal plugin library 'org.mule.runtime:mule-message-metadata-model' is a Mule Runtime dependency. It will not be used by 'munit-tools-3.2.1-mule-plugin.jar' in order to avoid classloading issues. Please consider removing it, or at least not putting it with 'compile' scope.
[WARNING] Internal plugin library 'org.mule.runtime:mule-artifact-declaration' is a Mule Runtime dependency. It will not be used by 'munit-tools-3.2.1-mule-plugin.jar' in order to avoid classloading issues. Please consider removing it, or at least not putting it with 'compile' scope.
[WARNING] Internal plugin library 'org.mule.runtime:mule-artifact-declaration-persistence' is a Mule Runtime dependency. It will not be used by 'munit-tools-3.2.1-mule-plugin.jar' in order to avoid classloading issues. Please consider removing it, or at least not putting it with 'compile' scope.
[WARNING] Internal plugin library 'org.mule.runtime:api-annotations' is a Mule Runtime dependency. It will not be used by 'munit-tools-3.2.1-mule-plugin.jar' in order to avoid classloading issues. Please consider removing it, or at least not putting it with 'compile' scope.
[WARNING] A Keys Resolver is being defined without defining an Output Resolver, Input Resolver nor Attributes Resolver
[WARNING] A Keys Resolver is being defined without defining an Output Resolver, Input Resolver nor Attributes Resolver
[WARNING] A Keys Resolver is being defined without defining an Output Resolver, Input Resolver nor Attributes Resolver
[WARNING] A Keys Resolver is being defined without defining an Output Resolver, Input Resolver nor Attributes Resolver
[WARNING] A Keys Resolver is being defined without defining an Output Resolver, Input Resolver nor Attributes Resolver
[WARNING] A Keys Resolver is being defined without defining an Output Resolver, Input Resolver nor Attributes Resolver
[WARNING] A Keys Resolver is being defined without defining an Output Resolver, Input Resolver nor Attributes Resolver
[WARNING] A Keys Resolver is being defined without defining an Output Resolver, Input Resolver nor Attributes Resolver
[WARNING] A Keys Resolver is being defined without defining an Output Resolver, Input Resolver nor Attributes Resolver
[WARNING] A Keys Resolver is being defined without defining an Output Resolver, Input Resolver nor Attributes Resolver
[WARNING] A Keys Resolver is being defined without defining an Output Resolver, Input Resolver nor Attributes Resolver
[WARNING] A Keys Resolver is being defined without defining an Output Resolver, Input Resolver nor Attributes Resolver
[WARNING] A Keys Resolver is being defined without defining an Output Resolver, Input Resolver nor Attributes Resolver
[WARNING] A Keys Resolver is being defined without defining an Output Resolver, Input Resolver nor Attributes Resolver
[WARNING] A Keys Resolver is being defined without defining an Output Resolver, Input Resolver nor Attributes Resolver
[WARNING] A Keys Resolver is being defined without defining an Output Resolver, Input Resolver nor Attributes Resolver
[INFO] About to fetch required dependencies for artifact: 4cc31d00-7426-11f0-b288-fc5cee6fe438:4cc31d00-7426-11f0-b288-fc5cee6fe438:pom:4.7.2. This may take a while...
[WARNING] A Keys Resolver is being defined without defining an Output Resolver, Input Resolver nor Attributes Resolver
[WARNING] A Keys Resolver is being defined without defining an Output Resolver, Input Resolver nor Attributes Resolver
[WARNING] A Keys Resolver is being defined without defining an Output Resolver, Input Resolver nor Attributes Resolver
[WARNING] A Keys Resolver is being defined without defining an Output Resolver, Input Resolver nor Attributes Resolver
[WARNING] A Keys Resolver is being defined without defining an Output Resolver, Input Resolver nor Attributes Resolver
[INFO] About to fetch required dependencies for artifact: 4e84ca30-7426-11f0-b288-fc5cee6fe438:4e84ca30-7426-11f0-b288-fc5cee6fe438:pom:4.7.2. This may take a while...
[WARNING] Internal plugin library 'org.mule.runtime:mule-api' is a Mule Runtime dependency. It will not be used by 'munit-runner-3.2.1-mule-plugin.jar' in order to avoid classloading issues. Please consider removing it, or at least not putting it with 'compile' scope.
[WARNING] Internal plugin library 'org.mule.runtime:mule-metadata-model-api' is a Mule Runtime dependency. It will not be used by 'munit-runner-3.2.1-mule-plugin.jar' in order to avoid classloading issues. Please consider removing it, or at least not putting it with 'compile' scope.
[WARNING] Internal plugin library 'org.mule.runtime:mule-message-metadata-model' is a Mule Runtime dependency. It will not be used by 'munit-runner-3.2.1-mule-plugin.jar' in order to avoid classloading issues. Please consider removing it, or at least not putting it with 'compile' scope.
[WARNING] Internal plugin library 'org.mule.runtime:mule-artifact-declaration' is a Mule Runtime dependency. It will not be used by 'munit-runner-3.2.1-mule-plugin.jar' in order to avoid classloading issues. Please consider removing it, or at least not putting it with 'compile' scope.
[WARNING] Internal plugin library 'org.mule.runtime:mule-artifact-declaration-persistence' is a Mule Runtime dependency. It will not be used by 'munit-runner-3.2.1-mule-plugin.jar' in order to avoid classloading issues. Please consider removing it, or at least not putting it with 'compile' scope.
[WARNING] Internal plugin library 'org.mule.runtime:api-annotations' is a Mule Runtime dependency. It will not be used by 'munit-runner-3.2.1-mule-plugin.jar' in order to avoid classloading issues. Please consider removing it, or at least not putting it with 'compile' scope.
[WARNING] Internal plugin library 'org.mule.runtime:mule-embedded-api' is a Mule Runtime dependency. It will not be used by 'munit-runner-3.2.1-mule-plugin.jar' in order to avoid classloading issues. Please consider removing it, or at least not putting it with 'compile' scope.
[INFO] About to fetch required dependencies for artifact: 5241ab20-7426-11f0-b288-fc5cee6fe438:5241ab20-7426-11f0-b288-fc5cee6fe438:pom:4.7.2. This may take a while...
[WARNING] A Keys Resolver is being defined without defining an Output Resolver, Input Resolver nor Attributes Resolver
[WARNING] A Keys Resolver is being defined without defining an Output Resolver, Input Resolver nor Attributes Resolver
[WARNING] A Keys Resolver is being defined without defining an Output Resolver, Input Resolver nor Attributes Resolver
[INFO] About to fetch required dependencies for artifact: 52eb0a80-7426-11f0-b288-fc5cee6fe438:52eb0a80-7426-11f0-b288-fc5cee6fe438:pom:4.7.2. This may take a while...
[WARNING] Internal plugin library 'org.mule.runtime:mule-api' is a Mule Runtime dependency. It will not be used by 'munit-runner-3.2.1-mule-plugin.jar' in order to avoid classloading issues. Please consider removing it, or at least not putting it with 'compile' scope.
[WARNING] Internal plugin library 'org.mule.runtime:mule-metadata-model-api' is a Mule Runtime dependency. It will not be used by 'munit-runner-3.2.1-mule-plugin.jar' in order to avoid classloading issues. Please consider removing it, or at least not putting it with 'compile' scope.
[WARNING] Internal plugin library 'org.mule.runtime:mule-message-metadata-model' is a Mule Runtime dependency. It will not be used by 'munit-runner-3.2.1-mule-plugin.jar' in order to avoid classloading issues. Please consider removing it, or at least not putting it with 'compile' scope.
[WARNING] Internal plugin library 'org.mule.runtime:mule-artifact-declaration' is a Mule Runtime dependency. It will not be used by 'munit-runner-3.2.1-mule-plugin.jar' in order to avoid classloading issues. Please consider removing it, or at least not putting it with 'compile' scope.
[WARNING] Internal plugin library 'org.mule.runtime:mule-artifact-declaration-persistence' is a Mule Runtime dependency. It will not be used by 'munit-runner-3.2.1-mule-plugin.jar' in order to avoid classloading issues. Please consider removing it, or at least not putting it with 'compile' scope.
[WARNING] Internal plugin library 'org.mule.runtime:api-annotations' is a Mule Runtime dependency. It will not be used by 'munit-runner-3.2.1-mule-plugin.jar' in order to avoid classloading issues. Please consider removing it, or at least not putting it with 'compile' scope.
[WARNING] Internal plugin library 'org.mule.runtime:mule-embedded-api' is a Mule Runtime dependency. It will not be used by 'munit-runner-3.2.1-mule-plugin.jar' in order to avoid classloading issues. Please consider removing it, or at least not putting it with 'compile' scope.
[WARNING] Internal plugin library 'org.mule.runtime:mule-api' is a Mule Runtime dependency. It will not be used by 'munit-tools-3.2.1-mule-plugin.jar' in order to avoid classloading issues. Please consider removing it, or at least not putting it with 'compile' scope.
[WARNING] Internal plugin library 'org.mule.runtime:mule-metadata-model-api' is a Mule Runtime dependency. It will not be used by 'munit-tools-3.2.1-mule-plugin.jar' in order to avoid classloading issues. Please consider removing it, or at least not putting it with 'compile' scope.
[WARNING] Internal plugin library 'org.mule.runtime:mule-message-metadata-model' is a Mule Runtime dependency. It will not be used by 'munit-tools-3.2.1-mule-plugin.jar' in order to avoid classloading issues. Please consider removing it, or at least not putting it with 'compile' scope.
[WARNING] Internal plugin library 'org.mule.runtime:mule-artifact-declaration' is a Mule Runtime dependency. It will not be used by 'munit-tools-3.2.1-mule-plugin.jar' in order to avoid classloading issues. Please consider removing it, or at least not putting it with 'compile' scope.
[WARNING] Internal plugin library 'org.mule.runtime:mule-artifact-declaration-persistence' is a Mule Runtime dependency. It will not be used by 'munit-tools-3.2.1-mule-plugin.jar' in order to avoid classloading issues. Please consider removing it, or at least not putting it with 'compile' scope.
[WARNING] Internal plugin library 'org.mule.runtime:api-annotations' is a Mule Runtime dependency. It will not be used by 'munit-tools-3.2.1-mule-plugin.jar' in order to avoid classloading issues. Please consider removing it, or at least not putting it with 'compile' scope.
[WARNING] A Keys Resolver is being defined without defining an Output Resolver, Input Resolver nor Attributes Resolver
[WARNING] A Keys Resolver is being defined without defining an Output Resolver, Input Resolver nor Attributes Resolver
[WARNING] A Keys Resolver is being defined without defining an Output Resolver, Input Resolver nor Attributes Resolver
[WARNING] A Keys Resolver is being defined without defining an Output Resolver, Input Resolver nor Attributes Resolver
[WARNING] A Keys Resolver is being defined without defining an Output Resolver, Input Resolver nor Attributes Resolver
[WARNING] A Keys Resolver is being defined without defining an Output Resolver, Input Resolver nor Attributes Resolver
[WARNING] A Keys Resolver is being defined without defining an Output Resolver, Input Resolver nor Attributes Resolver
[WARNING] A Keys Resolver is being defined without defining an Output Resolver, Input Resolver nor Attributes Resolver
[WARNING] A Keys Resolver is being defined without defining an Output Resolver, Input Resolver nor Attributes Resolver
[WARNING] A Keys Resolver is being defined without defining an Output Resolver, Input Resolver nor Attributes Resolver
[WARNING] A Keys Resolver is being defined without defining an Output Resolver, Input Resolver nor Attributes Resolver
[WARNING] A Keys Resolver is being defined without defining an Output Resolver, Input Resolver nor Attributes Resolver
[WARNING] A Keys Resolver is being defined without defining an Output Resolver, Input Resolver nor Attributes Resolver
[WARNING] A Keys Resolver is being defined without defining an Output Resolver, Input Resolver nor Attributes Resolver
[WARNING] A Keys Resolver is being defined without defining an Output Resolver, Input Resolver nor Attributes Resolver
[WARNING] A Keys Resolver is being defined without defining an Output Resolver, Input Resolver nor Attributes Resolver
[INFO] About to fetch required dependencies for artifact: 589c1a50-7426-11f0-b288-fc5cee6fe438:589c1a50-7426-11f0-b288-fc5cee6fe438:pom:4.7.2. This may take a while...
[WARNING] A Keys Resolver is being defined without defining an Output Resolver, Input Resolver nor Attributes Resolver
[WARNING] A Keys Resolver is being defined without defining an Output Resolver, Input Resolver nor Attributes Resolver
[WARNING] A Keys Resolver is being defined without defining an Output Resolver, Input Resolver nor Attributes Resolver
[WARNING] A Keys Resolver is being defined without defining an Output Resolver, Input Resolver nor Attributes Resolver
[WARNING] A Keys Resolver is being defined without defining an Output Resolver, Input Resolver nor Attributes Resolver
[INFO] About to fetch required dependencies for artifact: 59f5ddf0-7426-11f0-b288-fc5cee6fe438:59f5ddf0-7426-11f0-b288-fc5cee6fe438:pom:4.7.2. This may take a while...
[WARNING] Internal plugin library 'org.mule.runtime:mule-api' is a Mule Runtime dependency. It will not be used by 'munit-runner-3.2.1-mule-plugin.jar' in order to avoid classloading issues. Please consider removing it, or at least not putting it with 'compile' scope.
[WARNING] Internal plugin library 'org.mule.runtime:mule-metadata-model-api' is a Mule Runtime dependency. It will not be used by 'munit-runner-3.2.1-mule-plugin.jar' in order to avoid classloading issues. Please consider removing it, or at least not putting it with 'compile' scope.
[WARNING] Internal plugin library 'org.mule.runtime:mule-message-metadata-model' is a Mule Runtime dependency. It will not be used by 'munit-runner-3.2.1-mule-plugin.jar' in order to avoid classloading issues. Please consider removing it, or at least not putting it with 'compile' scope.
[WARNING] Internal plugin library 'org.mule.runtime:mule-artifact-declaration' is a Mule Runtime dependency. It will not be used by 'munit-runner-3.2.1-mule-plugin.jar' in order to avoid classloading issues. Please consider removing it, or at least not putting it with 'compile' scope.
[WARNING] Internal plugin library 'org.mule.runtime:mule-artifact-declaration-persistence' is a Mule Runtime dependency. It will not be used by 'munit-runner-3.2.1-mule-plugin.jar' in order to avoid classloading issues. Please consider removing it, or at least not putting it with 'compile' scope.
[WARNING] Internal plugin library 'org.mule.runtime:api-annotations' is a Mule Runtime dependency. It will not be used by 'munit-runner-3.2.1-mule-plugin.jar' in order to avoid classloading issues. Please consider removing it, or at least not putting it with 'compile' scope.
[WARNING] Internal plugin library 'org.mule.runtime:mule-embedded-api' is a Mule Runtime dependency. It will not be used by 'munit-runner-3.2.1-mule-plugin.jar' in order to avoid classloading issues. Please consider removing it, or at least not putting it with 'compile' scope.
[INFO] About to fetch required dependencies for artifact: 5e1e03d0-7426-11f0-b288-fc5cee6fe438:5e1e03d0-7426-11f0-b288-fc5cee6fe438:pom:4.7.2. This may take a while...
[WARNING] A Keys Resolver is being defined without defining an Output Resolver, Input Resolver nor Attributes Resolver
[WARNING] A Keys Resolver is being defined without defining an Output Resolver, Input Resolver nor Attributes Resolver
[WARNING] A Keys Resolver is being defined without defining an Output Resolver, Input Resolver nor Attributes Resolver
[INFO] 
[INFO] --- mule:4.3.0:generate-test-sources (default-generate-test-sources) @ github-actions ---
[INFO] 
[INFO] --- resources:3.3.1:testResources (default-testResources) @ github-actions ---
[INFO] Copying 3 resources from src\test\resources to target\test-classes
[INFO] 
[INFO] --- mule:4.3.0:generate-test-resources (default-generate-test-resources) @ github-actions ---
[INFO] 
[INFO] --- compiler:3.11.0:testCompile (default-testCompile) @ github-actions ---
[INFO] Nothing to compile - all classes are up to date
[INFO] 
[INFO] --- mule:4.3.0:test-compile (default-test-compile) @ github-actions ---
[INFO] 
[INFO] --- surefire:3.1.2:test (default-test) @ github-actions ---
[INFO] Tests are skipped.
[INFO] 
[INFO] --- munit:3.2.1:test (test) @ github-actions ---
[INFO] Run of munit-maven-plugin skipped. Property [skipTests] was set to true
[INFO] 
[INFO] >>> munit:3.2.1:coverage-report (test) > [munit]test @ github-actions >>>
[INFO] 
[INFO] --- mule:4.3.0:validate (default-validate) @ github-actions ---
[INFO] 
[INFO] --- mule:4.3.0:initialize (default-initialize) @ github-actions ---
[INFO] 
[INFO] --- mule:4.3.0:generate-sources (default-generate-sources) @ github-actions ---
[INFO] 
[INFO] --- mule:4.3.0:process-sources (default-process-sources) @ github-actions ---
[INFO] 
[INFO] --- resources:3.3.1:resources (default-resources) @ github-actions ---
[INFO] Copying 2 resources from src\main\resources to target\classes
[INFO] 
[INFO] --- mule:4.3.0:process-resources (default-process-resources) @ github-actions ---
[INFO] 
[INFO] --- compiler:3.11.0:compile (default-compile) @ github-actions ---
[INFO] Nothing to compile - all classes are up to date
[INFO] 
[INFO] --- mule:4.3.0:compile (default-compile) @ github-actions ---
[INFO] 
[INFO] --- mule:4.3.0:process-classes (default-process-classes) @ github-actions ---
[INFO] 
[INFO] --- mule:4.3.0:generate-test-sources (default-generate-test-sources) @ github-actions ---
[INFO] 
[INFO] --- resources:3.3.1:testResources (default-testResources) @ github-actions ---
[INFO] Copying 3 resources from src\test\resources to target\test-classes
[INFO] 
[INFO] --- mule:4.3.0:generate-test-resources (default-generate-test-resources) @ github-actions ---
[INFO] 
[INFO] --- compiler:3.11.0:testCompile (default-testCompile) @ github-actions ---
[INFO] Nothing to compile - all classes are up to date
[INFO] 
[INFO] --- mule:4.3.0:test-compile (default-test-compile) @ github-actions ---
[INFO] 
[INFO] --- surefire:3.1.2:test (default-test) @ github-actions ---
[INFO] Tests are skipped.
[INFO] 
[INFO] --- munit:3.2.1:test (test) @ github-actions ---
[INFO] Run of munit-maven-plugin skipped. Property [skipTests] was set to true
[INFO] 
[INFO] <<< munit:3.2.1:coverage-report (test) < [munit]test @ github-actions <<<
[INFO] 
[INFO] 
[INFO] --- munit:3.2.1:coverage-report (test) @ github-actions ---
[INFO] 
[INFO] --- mule:4.3.0:package (default-package) @ github-actions ---
[INFO] Building zip: C:\Users\leonel.d.porto\Desktop\Workspace-crefisa\github-actions\target\github-actions-api-dev-mule-application.jar
[INFO] 
[INFO] --- mule:4.3.0:verify (default-verify) @ github-actions ---
[INFO] 
[INFO] --- install:3.1.1:install (default-install) @ github-actions ---
[INFO] Installing C:\Users\leonel.d.porto\Desktop\Workspace-crefisa\github-actions\pom.xml to C:\Users\leonel.d.porto\.m2\repository\9d86053c-c394-4e52-b33c-029e02b59822\github-actions\2.0.5\github-actions-2.0.5.pom
[INFO] Installing C:\Users\leonel.d.porto\Desktop\Workspace-crefisa\github-actions\target\github-actions-api-dev-mule-application.jar to C:\Users\leonel.d.porto\.m2\repository\9d86053c-c394-4e52-b33c-029e02b59822\github-actions\2.0.5\github-actions-2.0.5-mule-application.jar
[INFO] 
[INFO] --- exchange-mule:0.0.23:exchange-pre-deploy (default-exchange-pre-deploy) @ github-actions ---
[INFO] 
[INFO] --- deploy:3.1.1:deploy (default-deploy) @ github-actions ---
[INFO] Uploading to Repository: https://maven.anypoint.mulesoft.com/api/v2/organizations/9d86053c-c394-4e52-b33c-029e02b59822/maven/9d86053c-c394-4e52-b33c-029e02b59822/github-actions/2.0.5/github-actions-2.0.5.pom
[INFO] Uploaded to Repository: https://maven.anypoint.mulesoft.com/api/v2/organizations/9d86053c-c394-4e52-b33c-029e02b59822/maven/9d86053c-c394-4e52-b33c-029e02b59822/github-actions/2.0.5/github-actions-2.0.5.pom (7.4 kB at 1.9 kB/s)
[INFO] Uploading to Repository: https://maven.anypoint.mulesoft.com/api/v2/organizations/9d86053c-c394-4e52-b33c-029e02b59822/maven/9d86053c-c394-4e52-b33c-029e02b59822/github-actions/2.0.5/github-actions-2.0.5-mule-application.jar
[INFO] Uploaded to Repository: https://maven.anypoint.mulesoft.com/api/v2/organizations/9d86053c-c394-4e52-b33c-029e02b59822/maven/9d86053c-c394-4e52-b33c-029e02b59822/github-actions/2.0.5/github-actions-2.0.5-mule-application.jar (2.4 MB at 867 kB/s)
[INFO] Downloading from Repository: https://maven.anypoint.mulesoft.com/api/v2/organizations/9d86053c-c394-4e52-b33c-029e02b59822/maven/9d86053c-c394-4e52-b33c-029e02b59822/github-actions/maven-metadata.xml
[INFO] Downloaded from Repository: https://maven.anypoint.mulesoft.com/api/v2/organizations/9d86053c-c394-4e52-b33c-029e02b59822/maven/9d86053c-c394-4e52-b33c-029e02b59822/github-actions/maven-metadata.xml (624 B at 1.6 kB/s)
[INFO] Uploading to Repository: https://maven.anypoint.mulesoft.com/api/v2/organizations/9d86053c-c394-4e52-b33c-029e02b59822/maven/9d86053c-c394-4e52-b33c-029e02b59822/github-actions/maven-metadata.xml
[INFO] Uploaded to Repository: https://maven.anypoint.mulesoft.com/api/v2/organizations/9d86053c-c394-4e52-b33c-029e02b59822/maven/9d86053c-c394-4e52-b33c-029e02b59822/github-actions/maven-metadata.xml (645 B at 566 B/s)
[INFO] 
[INFO] --- exchange-mule:0.0.23:exchange-deploy (default-exchange-deploy) @ github-actions ---
[INFO] ------------------------------------------------------------------------
[INFO] BUILD SUCCESS
[INFO] ------------------------------------------------------------------------
[INFO] Total time:  01:34 min
[INFO] Finished at: 2025-08-08T04:08:00-03:00
[INFO] ------------------------------------------------------------------------
